// Jest Snapshot v1, https://goo.gl/fbAQLP

exports[`Counter Component should de hacer match 1`] = `[Function]`;
